---
source: crates/aquascope/tests/boundaries.rs
description: get_first_constrained@type-driven-flows.test
---
- location:
    line: 27
    column: 15
  expected:
    read: true
    write: false
    drop: false
  actual:
    read: true
    write: false
    drop: false
  data:
    type_droppable: false
    type_writeable: false
    type_copyable: false
    is_live: true
    path_uninitialized: false
- location:
    line: 28
    column: 2
  expected:
    read: true
    write: false
    drop: false
  actual:
    read: true
    write: false
    drop: false
  data:
    type_droppable: false
    type_writeable: false
    type_copyable: true
    is_live: true
    path_uninitialized: false
  expecting_flow:
    is_violation: false
    flow_context:
      start:
        line: 28
        column: 2
      end:
        line: 28
        column: 7
      filename:
        private_use_as_methods_instead: 0
    kind: Ok
