---
source: crates/aquascope/tests/boundaries.rs
description: main@if_0.test
---
- location:
    line: 5
    column: 9
  expected:
    read: true
    write: true
    drop: false
  actual:
    type_droppable: true
    type_writeable: true
    type_copyable: false
    is_live: true
    path_uninitialized: false
    permissions:
      read: true
      write: true
      drop: true
- location:
    line: 7
    column: 9
  expected:
    read: true
    write: true
    drop: false
  actual:
    type_droppable: true
    type_writeable: true
    type_copyable: false
    is_live: true
    path_uninitialized: false
    permissions:
      read: true
      write: true
      drop: true
- location:
    line: 10
    column: 3
  expected:
    read: true
    write: true
    drop: false
  actual:
    type_droppable: false
    type_writeable: true
    type_copyable: false
    is_live: true
    path_uninitialized: false
    permissions:
      read: true
      write: true
      drop: false
- location:
    line: 12
    column: 4
  expected:
    read: true
    write: true
    drop: false
  actual:
    type_droppable: true
    type_writeable: true
    type_copyable: false
    is_live: true
    path_uninitialized: false
    permissions:
      read: true
      write: true
      drop: true
- location:
    line: 13
    column: 4
  expected:
    read: true
    write: true
    drop: false
  actual:
    type_droppable: true
    type_writeable: true
    type_copyable: false
    is_live: true
    path_uninitialized: false
    permissions:
      read: true
      write: true
      drop: true

