---
source: crates/aquascope/tests/boundaries.rs
description: bx@box.test
---
- location:
    line: 2
    column: 2
  expected:
    read: true
    write: true
    drop: false
  actual:
    read: true
    write: false
    drop: false
  data:
    type_droppable: false
    type_writeable: false
    type_copyable: true
    is_live: true
    path_uninitialized: false
