---
source: crates/aquascope/tests/interpreter.rs
description: nested-ref.test
---
steps:
  - stack:
      frames:
        - name: main
          body_span:
            char_start: 0
            char_end: 60
            filename: 0
          location:
            char_start: 14
            char_end: 39
            filename: 0
          locals:
            - - x
              - type: Array
                value:
                  type: All
                  value:
                    - type: Tuple
                      value:
                        - type: Int
                          value: 0
                        - type: Int
                          value: 1
                    - type: Tuple
                      value:
                        - type: Int
                          value: 2
                        - type: Int
                          value: 3
    heap:
      locations: []
  - stack:
      frames:
        - name: main
          body_span:
            char_start: 0
            char_end: 60
            filename: 0
          location:
            char_start: 42
            char_end: 58
            filename: 0
          locals:
            - - x
              - type: Array
                value:
                  type: All
                  value:
                    - type: Tuple
                      value:
                        - type: Int
                          value: 0
                        - type: Int
                          value: 1
                    - type: Tuple
                      value:
                        - type: Int
                          value: 2
                        - type: Int
                          value: 3
            - - y
              - type: Pointer
                value:
                  path:
                    segment:
                      type: Stack
                      value:
                        frame: 0
                        local: x
                    parts:
                      - type: Index
                        value: 1
                      - type: Field
                        value: 1
                  range: ~
    heap:
      locations: []
  - stack:
      frames:
        - name: main
          body_span:
            char_start: 0
            char_end: 60
            filename: 0
          location:
            char_start: 59
            char_end: 60
            filename: 0
          locals: []
    heap:
      locations: []
result:
  type: Success

