---
source: crates/aquascope/tests/interpreter.rs
description: basic.test
---
steps:
  - stack:
      frames:
        - name: main
          body_span:
            char_start: 0
            char_end: 53
            filename: 0
          location:
            char_start: 14
            char_end: 28
            filename: 0
          locals:
            - - x
              - type: Int
                value: 1
    heap:
      locations: []
  - stack:
      frames:
        - name: main
          body_span:
            char_start: 0
            char_end: 53
            filename: 0
          location:
            char_start: 31
            char_end: 41
            filename: 0
          locals:
            - - x
              - type: Int
                value: 1
            - - y
              - type: Int
                value: 1
    heap:
      locations: []
  - stack:
      frames:
        - name: main
          body_span:
            char_start: 0
            char_end: 53
            filename: 0
          location:
            char_start: 44
            char_end: 51
            filename: 0
          locals:
            - - x
              - type: Int
                value: 2
            - - y
              - type: Int
                value: 1
    heap:
      locations: []
  - stack:
      frames:
        - name: main
          body_span:
            char_start: 0
            char_end: 53
            filename: 0
          location:
            char_start: 52
            char_end: 53
            filename: 0
          locals: []
    heap:
      locations: []
result:
  type: Success

