---
source: crates/aquascope/tests/interpreter.rs
description: box.test
---
steps:
  - stack:
      frames:
        - name: main
          body_span:
            start:
              line: 0
              column: 0
            end:
              line: 4
              column: 1
            filename:
              private_use_as_methods_instead: 0
          location:
            start:
              line: 0
              column: 0
            end:
              line: 0
              column: 9
            filename:
              private_use_as_methods_instead: 0
          locals: []
    heap:
      locations: []
  - stack:
      frames:
        - name: main
          body_span:
            start:
              line: 0
              column: 0
            end:
              line: 4
              column: 1
            filename:
              private_use_as_methods_instead: 0
          location:
            start:
              line: 1
              column: 2
            end:
              line: 1
              column: 26
            filename:
              private_use_as_methods_instead: 0
          locals:
            - name: x
              value:
                type: Adt
                value:
                  name: Box
                  variant: ~
                  fields:
                    - - "0"
                      - type: Adt
                        value:
                          name: Unique
                          variant: ~
                          fields:
                            - - pointer
                              - type: Adt
                                value:
                                  name: NonNull
                                  variant: ~
                                  fields:
                                    - - pointer
                                      - type: Pointer
                                        value:
                                          path:
                                            segment:
                                              type: Heap
                                              value:
                                                index: 0
                                            parts: []
                                          range: ~
                                  alloc_kind: ~
                          alloc_kind: ~
                  alloc_kind:
                    type: Box
              moved_paths: []
    heap:
      locations:
        - type: Int
          value: 0
  - stack:
      frames:
        - name: main
          body_span:
            start:
              line: 0
              column: 0
            end:
              line: 4
              column: 1
            filename:
              private_use_as_methods_instead: 0
          location:
            start:
              line: 2
              column: 2
            end:
              line: 2
              column: 10
            filename:
              private_use_as_methods_instead: 0
          locals:
            - name: x
              value:
                type: Adt
                value:
                  name: Box
                  variant: ~
                  fields:
                    - - "0"
                      - type: Adt
                        value:
                          name: Unique
                          variant: ~
                          fields:
                            - - pointer
                              - type: Adt
                                value:
                                  name: NonNull
                                  variant: ~
                                  fields:
                                    - - pointer
                                      - type: Pointer
                                        value:
                                          path:
                                            segment:
                                              type: Heap
                                              value:
                                                index: 0
                                            parts: []
                                          range: ~
                                  alloc_kind: ~
                          alloc_kind: ~
                  alloc_kind:
                    type: Box
              moved_paths: []
    heap:
      locations:
        - type: Int
          value: 1
  - stack:
      frames:
        - name: main
          body_span:
            start:
              line: 0
              column: 0
            end:
              line: 4
              column: 1
            filename:
              private_use_as_methods_instead: 0
          location:
            start:
              line: 3
              column: 2
            end:
              line: 3
              column: 12
            filename:
              private_use_as_methods_instead: 0
          locals:
            - name: x
              value:
                type: Adt
                value:
                  name: Box
                  variant: ~
                  fields:
                    - - "0"
                      - type: Adt
                        value:
                          name: Unique
                          variant: ~
                          fields:
                            - - pointer
                              - type: Adt
                                value:
                                  name: NonNull
                                  variant: ~
                                  fields:
                                    - - pointer
                                      - type: Pointer
                                        value:
                                          path:
                                            segment:
                                              type: Heap
                                              value:
                                                index: 0
                                            parts: []
                                          range: ~
                                  alloc_kind: ~
                          alloc_kind: ~
                  alloc_kind:
                    type: Box
              moved_paths:
                - []
            - name: y
              value:
                type: Adt
                value:
                  name: Box
                  variant: ~
                  fields:
                    - - "0"
                      - type: Adt
                        value:
                          name: Unique
                          variant: ~
                          fields:
                            - - pointer
                              - type: Adt
                                value:
                                  name: NonNull
                                  variant: ~
                                  fields:
                                    - - pointer
                                      - type: Pointer
                                        value:
                                          path:
                                            segment:
                                              type: Heap
                                              value:
                                                index: 0
                                            parts: []
                                          range: ~
                                  alloc_kind: ~
                          alloc_kind: ~
                  alloc_kind:
                    type: Box
              moved_paths: []
    heap:
      locations:
        - type: Int
          value: 1
  - stack:
      frames:
        - name: main
          body_span:
            start:
              line: 0
              column: 0
            end:
              line: 4
              column: 1
            filename:
              private_use_as_methods_instead: 0
          location:
            start:
              line: 4
              column: 0
            end:
              line: 4
              column: 1
            filename:
              private_use_as_methods_instead: 0
          locals: []
    heap:
      locations: []
result:
  type: Success
